[www.pmfias.com/forests-natural-vegetation-of-india-classification-of-natural-vegetation-of-india/index.html]
[backblue.gif]
[fade.gif]
[index.html]
[www.pmfias.com/wp-content/uploads/elementor/css/post-608301cd3b.css]
[www.pmfias.com/wp-content/cache/min/1/61f06bd9a49310d4a8cb821d6786919e.css]
[www.pmfias.com/wp-content/uploads/elementor/css/global025d.css]
[www.pmfias.com/wp-content/uploads/elementor/css/post-533070cd3b.css]
[www.pmfias.com/forests-natural-vegetation-of-india-classification-of-natural-vegetation-of-india/feed/index.html]
[www.pmfias.com/wp-content/uploads/elementor/css/post-532020cd3b.css]
[www.pmfias.com/wp-content/uploads/elementor/css/post-16785cd3b.css]
[www.pmfias.com/wp-content/uploads/2020/12/cropped-PMF-IAS-LOGO-32x32.png]
[www.pmfias.com/wp-content/uploads/2020/12/cropped-PMF-IAS-LOGO-192x192.png]
[www.pmfias.com/wp-content/uploads/2020/12/cropped-PMF-IAS-LOGO-180x180.png]
[www.pmfias.com/wp-content/uploads/nsl_avatars/2b8b556ca1675cfa8b7893195ad7fcf9.png]
[www.pmfias.com/wp-content/uploads/2016/01/types-of-forests-in-india-natural-vegetation-of-india-Copy.jpg]
[www.pmfias.com/wp-content/uploads/2016/01/Epiphyte.jpg]
[www.pmfias.com/wp-content/uploads/2016/01/Buttressed-Trunks.jpg]
[www.pmfias.com/wp-content/uploads/2016/01/Casuarina-plantation.jpg]
[www.pmfias.com/wp-content/uploads/2016/01/Stamps-Classification-of-Climatic-Regions-of-India-52x60.jpg]
[www.pmfias.com/wp-content/uploads/2016/01/Soil-Profile-Soil-Horizon-soil-layers-71x60.jpg]
[www.pmfias.com/wp-content/uploads/2022/09/Amazon-Store-Banner-1.png]
[www.pmfias.com/wp-content/uploads/2022/05/Environment-UPSC-IAS-1.png]
[www.pmfias.com/wp-content/uploads/2022/08/PMF-IAS-Physical-Geography-2022.png]
[www.pmfias.com/wp-content/uploads/2022/05/National-Parks-India-1.png]
[www.pmfias.com/wp-content/uploads/2022/05/Tiger-Reserves-in-India-1.png]
[www.pmfias.com/wp-content/uploads/2022/04/Ukraine.png]
[www.pmfias.com/wp-content/uploads/2021/12/PMF-IAS-Geography-Book-Hardcopy-1.png]
[www.pmfias.com/wp-content/uploads/2022/10/Amazon-Store-Banner-1.png]
[www.pmfias.com/wp-content/uploads/2021/12/PMF-IAS-Geography-Book-Hardcopy-1-160x100.png]
[www.pmfias.com/wp-content/uploads/2019/12/Temperature-Profile-of-Earths-Interior-108x60.jpg]
[www.pmfias.com/wp-content/uploads/2019/05/carbon-sequestration-108x60.jpg]
[www.pmfias.com/wp-content/uploads/2016/03/Arthropoda-scorpion-prawns-butterfly-108x60.jpg]
[www.pmfias.com/cdn-cgi/scripts/5c5dd728/cloudflare-static/email-decode.min.js]
[www.pmfias.com/wp-content/uploads/elementor/css/post-660770cd3b.css]
[www.pmfias.com/wp-content/uploads/elementor/css/post-6607813536.css]
[www.pmfias.com/wp-content/uploads/elementor/css/post-6607633536.css]
[www.pmfias.com/wp-content/uploads/elementor/css/post-660683779e.css]
[www.pmfias.com/wp-content/uploads/elementor/css/post-6607298d32.css]
[www.pmfias.com/wp-content/uploads/elementor/css/post-6607265d71.css]
[www.pmfias.com/wp-includes/js/dist/hooks.min6c65.js]
[www.pmfias.com/wp-includes/js/dist/i18n.mine57b.js]
[www.pmfias.com/forests-natural-vegetation-of-india-classification-of-natural-vegetation-of-india/index.html]
[www.pmfias.com/wp-content/cache/min/1/61f06bd9a49310d4a8cb821d6786919e.css]
[www.pmfias.com/wp-content/uploads/elementor/css/post-608301cd3b.css]
[www.pmfias.com/wp-content/uploads/elementor/css/global025d.css]
[www.pmfias.com/wp-content/uploads/elementor/css/post-533070cd3b.css]
[www.pmfias.com/wp-content/uploads/elementor/css/post-532020cd3b.css]
[www.pmfias.com/wp-content/uploads/elementor/css/post-16785cd3b.css]
[www.pmfias.com/wp-content/cache/min/1/ba100ecec653759e3f5cebe47802d588.js]
[www.pmfias.com/wp-content/uploads/elementor/css/post-660770cd3b.css]
[www.pmfias.com/wp-content/uploads/elementor/css/post-6607813536.css]
[www.pmfias.com/wp-content/uploads/elementor/css/post-6607633536.css]
[www.pmfias.com/wp-content/uploads/elementor/css/post-660683779e.css]
[www.pmfias.com/wp-content/uploads/elementor/css/post-6607298d32.css]
[www.pmfias.com/wp-content/uploads/elementor/css/post-6607265d71.css]
